[
  {
    "jsonrpc": "2.0",
    "id": 1,
    "result": {
      "capabilities": {
        "textDocumentSync": {
          "openClose": true,
          "change": 2,
          "willSave": false,
          "willSaveWaitUntil": true,
          "save": {
            "includeText": false
          }
        },
        "hoverProvider": true,
        "completionProvider": {
          "resolveProvider": true,
          "triggerCharacters": [
            "$",
            ">",
            "\\",
            ":",
            "<",
            "[",
            "'",
            "\"",
            "{",
            "#"
          ]
        },
        "signatureHelpProvider": {
          "triggerCharacters": [
            "(",
            ","
          ]
        },
        "definitionProvider": true,
        "typeDefinitionProvider": true,
        "referencesProvider": true,
        "documentHighlightProvider": true,
        "documentSymbolProvider": true,
        "workspaceSymbolProvider": true,
        "codeActionProvider": {
          "resolveProvider": true
        },
        "documentFormattingProvider": true,
        "documentRangeFormattingProvider": true,
        "documentOnTypeFormattingProvider": {
          "firstTriggerCharacter": ";",
          "moreTriggerCharacter": [
            "}"
          ]
        },
        "renameProvider": true,
        "implementationProvider": true,
        "rageProvider": true,
        "experimental": {
          "snippetTextEdit": true,
          "autoCloseJsx": true
        }
      }
    }
  },
  {
    "jsonrpc": "2.0",
    "id": 12,
    "result": []
  },
  {
    "jsonrpc": "2.0",
    "method": "$/progress",
    "params": {
      "token": "prt123",
      "value": [
        {
          "uri": "file://${root_path}/references.php",
          "range": {
            "start": {
              "line": 50,
              "character": 25
            },
            "end": {
              "line": 50,
              "character": 28
            }
          }
        }
      ]
    }
  },
  {
    "jsonrpc": "2.0",
    "method": "$/progress",
    "params": {
      "token": "prt123",
      "value": [
        {
          "uri": "file://${root_path}/references2.php",
          "range": {
            "start": {
              "line": 4,
              "character": 15
            },
            "end": {
              "line": 4,
              "character": 18
            }
          }
        }
      ]
    }
  },
  {
    "jsonrpc": "2.0",
    "id": 14,
    "result": []
  },
  {
    "jsonrpc": "2.0",
    "method": "$/progress",
    "params": {
      "token": "partialResultToken2",
      "value": [
        {
          "uri": "file://${root_path}/references.php",
          "range": {
            "start": {
              "line": 50,
              "character": 25
            },
            "end": {
              "line": 50,
              "character": 28
            }
          }
        }
      ]
    }
  },
  {
    "jsonrpc": "2.0",
    "method": "$/progress",
    "params": {
      "token": "partialResultToken2",
      "value": [
        {
          "uri": "file://${root_path}/references2.php",
          "range": {
            "start": {
              "line": 4,
              "character": 15
            },
            "end": {
              "line": 4,
              "character": 18
            }
          }
        }
      ]
    }
  },
  {
    "jsonrpc": "2.0",
    "id": 999,
    "result": null
  }
]
